#
# There is insufficient memory for the Java Runtime Environment to continue.
# Native memory allocation (malloc) failed to allocate 292496 bytes. Error detail: Chunk::new
# Possible reasons:
#   The system is out of physical RAM or swap space
#   This process is running with CompressedOops enabled, and the Java Heap may be blocking the growth of the native heap
# Possible solutions:
#   Reduce memory load on the system
#   Increase physical memory or swap space
#   Check if swap backing store is full
#   Decrease Java heap size (-Xmx/-Xms)
#   Decrease number of Java threads
#   Decrease Java thread stack sizes (-Xss)
#   Set larger code cache with -XX:ReservedCodeCacheSize=
#   JVM is running with Unscaled Compressed Oops mode in which the Java heap is
#     placed in the first 4GB address space. The Java Heap base address is the
#     maximum limit for the native heap growth. Please use -XX:HeapBaseMinAddress
#     to set the Java Heap base and to place the Java Heap above 4GB virtual address.
# This output file may be truncated or incomplete.
#
#  Out of Memory Error (arena.cpp:168), pid=2832, tid=17888
#
# JRE version: OpenJDK Runtime Environment Temurin-21.0.10+7 (21.0.10+7) (build 21.0.10+7-LTS)
# Java VM: OpenJDK 64-Bit Server VM Temurin-21.0.10+7 (21.0.10+7-LTS, mixed mode, sharing, tiered, compressed oops, compressed class ptrs, parallel gc, windows-amd64)
# No core dump will be written. Minidumps are not enabled by default on client versions of Windows
#

---------------  S U M M A R Y ------------

Command Line: --add-modules=ALL-SYSTEM --add-opens=java.base/java.util=ALL-UNNAMED --add-opens=java.base/java.lang=ALL-UNNAMED --add-opens=java.base/sun.nio.fs=ALL-UNNAMED -Declipse.application=org.eclipse.jdt.ls.core.id1 -Dosgi.bundles.defaultStartLevel=4 -Declipse.product=org.eclipse.jdt.ls.core.product -Djava.import.generatesMetadataFilesAtProjectRoot=false -DDetectVMInstallationsJob.disabled=true -Dfile.encoding=utf8 -XX:+UseParallelGC -XX:GCTimeRatio=4 -XX:AdaptiveSizePolicyWeight=90 -Dsun.zip.disableMemoryMapping=true -Xmx2G -Xms100m -Xlog:disable -javaagent:c:\Users\soumi\.vscode\extensions\redhat.java-1.53.0-win32-x64\lombok\lombok-1.18.39-4050.jar -XX:+HeapDumpOnOutOfMemoryError -XX:HeapDumpPath=c:\Users\soumi\AppData\Roaming\Code\User\workspaceStorage\f9c27e7cc8aa566c6a3bf85cddbf63b9\redhat.java -Daether.dependencyCollector.impl=bf c:\Users\soumi\.vscode\extensions\redhat.java-1.53.0-win32-x64\server\plugins\org.eclipse.equinox.launcher_1.7.100.v20251111-0406.jar -configuration c:\Users\soumi\AppData\Roaming\Code\User\globalStorage\redhat.java\1.53.0\config_win -data c:\Users\soumi\AppData\Roaming\Code\User\workspaceStorage\f9c27e7cc8aa566c6a3bf85cddbf63b9\redhat.java\jdt_ws --pipe=\\.\pipe\lsp-2963f37a319d0a80ab85a8a1fdd1fa22-sock

Host: Intel(R) Core(TM) i5-8250U CPU @ 1.60GHz, 8 cores, 7G,  Windows 10 , 64 bit Build 19041 (10.0.19041.5915)
Time: Sun Mar  1 14:29:04 2026 Morocco Standard Time elapsed time: 1.971584 seconds (0d 0h 0m 1s)

---------------  T H R E A D  ---------------

Current thread (0x00000234aa810d30):  JavaThread "C2 CompilerThread0" daemon [_thread_in_native, id=17888, stack(0x000000cbc2b00000,0x000000cbc2c00000) (1024K)]


Current CompileTask:
C2:1971  675       4       lombok.patcher.PatchScript::classMatches (41 bytes)

Stack: [0x000000cbc2b00000,0x000000cbc2c00000]
Native frames: (J=compiled Java code, j=interpreted, Vv=VM code, C=native code)
V  [jvm.dll+0x6d7a39]
V  [jvm.dll+0x8b4b26]
V  [jvm.dll+0x8b70de]
V  [jvm.dll+0x8b77c3]
V  [jvm.dll+0x284346]
V  [jvm.dll+0xc66ed]
V  [jvm.dll+0xc6c31]
V  [jvm.dll+0x2fb29e]
V  [jvm.dll+0x5fe884]
V  [jvm.dll+0x255b17]
V  [jvm.dll+0x255edd]
V  [jvm.dll+0x24e500]
V  [jvm.dll+0x24ba42]
V  [jvm.dll+0x1cb34e]
V  [jvm.dll+0x25b85d]
V  [jvm.dll+0x259dea]
V  [jvm.dll+0x3f857e]
V  [jvm.dll+0x85f59d]
V  [jvm.dll+0x6d626d]
C  [ucrtbase.dll+0x21bb2]
C  [KERNEL32.DLL+0x17374]
C  [ntdll.dll+0x4cc91]


---------------  P R O C E S S  ---------------

Threads class SMR info:
_java_thread_list=0x00000234ed43db60, length=11, elements={
0x0000023493d6b980, 0x00000234aa7da380, 0x00000234aa7dbbf0, 0x00000234aa7df790,
0x00000234aa7e06b0, 0x00000234aa7e2320, 0x00000234aa7ecff0, 0x00000234aa810d30,
0x00000234ed118120, 0x00000234ed2d2a40, 0x00000234ed35a770
}

Java Threads: ( => current thread )
  0x0000023493d6b980 JavaThread "main"                              [_thread_in_Java, id=19752, stack(0x000000cbc2100000,0x000000cbc2200000) (1024K)]
  0x00000234aa7da380 JavaThread "Reference Handler"          daemon [_thread_blocked, id=13200, stack(0x000000cbc2500000,0x000000cbc2600000) (1024K)]
  0x00000234aa7dbbf0 JavaThread "Finalizer"                  daemon [_thread_blocked, id=9312, stack(0x000000cbc2600000,0x000000cbc2700000) (1024K)]
  0x00000234aa7df790 JavaThread "Signal Dispatcher"          daemon [_thread_blocked, id=15264, stack(0x000000cbc2700000,0x000000cbc2800000) (1024K)]
  0x00000234aa7e06b0 JavaThread "Attach Listener"            daemon [_thread_blocked, id=4820, stack(0x000000cbc2800000,0x000000cbc2900000) (1024K)]
  0x00000234aa7e2320 JavaThread "Service Thread"             daemon [_thread_blocked, id=12880, stack(0x000000cbc2900000,0x000000cbc2a00000) (1024K)]
  0x00000234aa7ecff0 JavaThread "Monitor Deflation Thread"   daemon [_thread_blocked, id=22168, stack(0x000000cbc2a00000,0x000000cbc2b00000) (1024K)]
=>0x00000234aa810d30 JavaThread "C2 CompilerThread0"         daemon [_thread_in_native, id=17888, stack(0x000000cbc2b00000,0x000000cbc2c00000) (1024K)]
  0x00000234ed118120 JavaThread "C1 CompilerThread0"         daemon [_thread_blocked, id=11352, stack(0x000000cbc2c00000,0x000000cbc2d00000) (1024K)]
  0x00000234ed2d2a40 JavaThread "Common-Cleaner"             daemon [_thread_blocked, id=20004, stack(0x000000cbc2d00000,0x000000cbc2e00000) (1024K)]
  0x00000234ed35a770 JavaThread "Notification Thread"        daemon [_thread_blocked, id=1504, stack(0x000000cbc2e00000,0x000000cbc2f00000) (1024K)]
Total: 11

Other Threads:
  0x00000234aa7bf790 VMThread "VM Thread"                           [id=17728, stack(0x000000cbc2400000,0x000000cbc2500000) (1024K)]
  0x0000023493e359c0 WatcherThread "VM Periodic Task Thread"        [id=11900, stack(0x000000cbc2300000,0x000000cbc2400000) (1024K)]
  0x0000023493d8c9a0 WorkerThread "GC Thread#0"                     [id=17624, stack(0x000000cbc2200000,0x000000cbc2300000) (1024K)]
Total: 3

Threads with active compile tasks:
C2 CompilerThread0  2036  675       4       lombok.patcher.PatchScript::classMatches (41 bytes)
Total: 1

VM state: not at safepoint (normal execution)

VM Mutex/Monitor currently owned by a thread:  ([mutex/lock_event])
[0x00007ffac0d3e460] CodeCache_lock - owner thread: 0x0000023493d6b980
[0x00007ffac0d3e5e0] Compile_lock - owner thread: 0x0000023493d6b980

Heap address: 0x0000000080000000, size: 2048 MB, Compressed Oops mode: 32-bit

CDS archive(s) mapped at: [0x00000234ab000000-0x00000234abba0000-0x00000234abba0000), size 12189696, SharedBaseAddress: 0x00000234ab000000, ArchiveRelocationMode: 1.
Compressed class space mapped at: 0x00000234ac000000-0x00000234ec000000, reserved size: 1073741824
Narrow klass base: 0x00000234ab000000, Narrow klass shift: 0, Narrow klass range: 0x100000000

GC Precious Log:
 CardTable entry size: 512
 CPUs: 8 total, 8 available
 Memory: 8050M
 Large Page Support: Disabled
 NUMA Support: Disabled
 Compressed Oops: Enabled (32-bit)
 Alignments: Space 512K, Generation 512K, Heap 2M
 Heap Min Capacity: 100M
 Heap Initial Capacity: 100M
 Heap Max Capacity: 2G
 Pre-touch: Disabled
 Parallel Workers: 8

Heap:
 PSYoungGen      total 29696K, used 17629K [0x00000000d5580000, 0x00000000d7680000, 0x0000000100000000)
  eden space 25600K, 68% used [0x00000000d5580000,0x00000000d66b7600,0x00000000d6e80000)
  from space 4096K, 0% used [0x00000000d7280000,0x00000000d7280000,0x00000000d7680000)
  to   space 4096K, 0% used [0x00000000d6e80000,0x00000000d6e80000,0x00000000d7280000)
 ParOldGen       total 68608K, used 0K [0x0000000080000000, 0x0000000084300000, 0x00000000d5580000)
  object space 68608K, 0% used [0x0000000080000000,0x0000000080000000,0x0000000084300000)
 Metaspace       used 3424K, committed 3712K, reserved 1114112K
  class space    used 376K, committed 512K, reserved 1048576K

Card table byte_map: [0x0000023493720000,0x0000023493b30000] _byte_map_base: 0x0000023493320000

Marking Bits: (ParMarkBitMap*) 0x00007ffac0d43450
 Begin Bits: [0x00000234a6230000, 0x00000234a8230000)
 End Bits:   [0x00000234a8230000, 0x00000234aa230000)

Polling page: 0x0000023491c40000

Metaspace:

Usage:
  Non-class:      2.98 MB used.
      Class:    376.60 KB used.
       Both:      3.34 MB used.

Virtual space:
  Non-class space:       64.00 MB reserved,       3.12 MB (  5%) committed,  1 nodes.
      Class space:        1.00 GB reserved,     512.00 KB ( <1%) committed,  1 nodes.
             Both:        1.06 GB reserved,       3.62 MB ( <1%) committed. 

Chunk freelists:
   Non-Class:  11.47 MB
       Class:  15.47 MB
        Both:  26.95 MB

MaxMetaspaceSize: unlimited
CompressedClassSpaceSize: 1.00 GB
Initial GC threshold: 21.00 MB
Current GC threshold: 21.00 MB
CDS: on
 - commit_granule_bytes: 65536.
 - commit_granule_words: 8192.
 - virtual_space_node_default_size: 8388608.
 - enlarge_chunks_in_place: 1.
 - use_allocation_guard: 0.


Internal statistics:

num_allocs_failed_limit: 0.
num_arena_births: 170.
num_arena_deaths: 0.
num_vsnodes_births: 2.
num_vsnodes_deaths: 0.
num_space_committed: 58.
num_space_uncommitted: 0.
num_chunks_returned_to_freelist: 0.
num_chunks_taken_from_freelist: 213.
num_chunk_merges: 0.
num_chunk_splits: 139.
num_chunks_enlarged: 77.
num_inconsistent_stats: 0.

CodeHeap 'non-profiled nmethods': size=120000Kb used=298Kb max_used=298Kb free=119701Kb
 bounds [0x000002349ea50000, 0x000002349ecc0000, 0x00000234a5f80000]
CodeHeap 'profiled nmethods': size=120000Kb used=1372Kb max_used=1372Kb free=118627Kb
 bounds [0x0000023496f80000, 0x00000234971f0000, 0x000002349e4b0000]
CodeHeap 'non-nmethods': size=5760Kb used=1190Kb max_used=1207Kb free=4569Kb
 bounds [0x000002349e4b0000, 0x000002349e720000, 0x000002349ea50000]
CodeCache: size=245760Kb, used=2860Kb, max_used=2877Kb, free=242897Kb
 total_blobs=1328, nmethods=879, adapters=356, full_count=0
Compilation: enabled, stopped_count=0, restarted_count=0

Compilation events (20 events):
Event: 1.873 Thread 0x00000234ed118120 nmethod 781 0x00000234970ace10 code [0x00000234970ad020, 0x00000234970ad518]
Event: 1.873 Thread 0x00000234ed118120  794       3       java.io.WinNTFileSystem::normalize (143 bytes)
Event: 1.874 Thread 0x00000234ed118120 nmethod 794 0x00000234970ad790 code [0x00000234970ada20, 0x00000234970ae480]
Event: 1.880 Thread 0x00000234ed118120  795       3       java.lang.StringUTF16::compress (47 bytes)
Event: 1.881 Thread 0x00000234ed118120 nmethod 795 0x00000234970ae890 code [0x00000234970aea40, 0x00000234970aec88]
Event: 1.891 Thread 0x00000234ed118120  796       1       java.util.concurrent.ConcurrentHashMap$MapEntry::getKey (5 bytes)
Event: 1.891 Thread 0x00000234ed118120 nmethod 796 0x000002349ea95e90 code [0x000002349ea96020, 0x000002349ea960e8]
Event: 1.891 Thread 0x00000234ed118120  797       1       java.util.concurrent.ConcurrentHashMap$MapEntry::getValue (5 bytes)
Event: 1.891 Thread 0x00000234ed118120 nmethod 797 0x000002349ea96190 code [0x000002349ea96320, 0x000002349ea963e8]
Event: 1.892 Thread 0x00000234ed118120  798       3       java.lang.Character::charCount (12 bytes)
Event: 1.892 Thread 0x00000234ed118120 nmethod 798 0x00000234970aee10 code [0x00000234970aefc0, 0x00000234970af120]
Event: 1.893 Thread 0x00000234ed118120  799       3       java.util.StringTokenizer::scanToken (179 bytes)
Event: 1.895 Thread 0x00000234ed118120 nmethod 799 0x00000234970af190 code [0x00000234970af4a0, 0x00000234970b06b8]
Event: 1.895 Thread 0x00000234ed118120  802       3       java.lang.StringBuilder::append (8 bytes)
Event: 1.895 Thread 0x00000234ed118120 nmethod 802 0x00000234970b0e10 code [0x00000234970b0fc0, 0x00000234970b1110]
Event: 1.895 Thread 0x00000234ed118120  803       3       java.lang.AbstractStringBuilder::append (45 bytes)
Event: 1.896 Thread 0x00000234ed118120 nmethod 803 0x00000234970b1190 code [0x00000234970b13a0, 0x00000234970b18c8]
Event: 1.896 Thread 0x00000234ed118120  800       3       java.util.StringTokenizer::skipDelimiters (116 bytes)
Event: 1.897 Thread 0x00000234ed118120 nmethod 800 0x00000234970b1b10 code [0x00000234970b1da0, 0x00000234970b28d8]
Event: 1.897 Thread 0x00000234ed118120  806       3       java.lang.StringLatin1::trim (76 bytes)

GC Heap History (0 events):
No events

Dll operation events (8 events):
Event: 0.060 Loaded shared library c:\Users\soumi\.vscode\extensions\redhat.java-1.53.0-win32-x64\jre\21.0.10-win32-x86_64\bin\java.dll
Event: 0.428 Loaded shared library c:\Users\soumi\.vscode\extensions\redhat.java-1.53.0-win32-x64\jre\21.0.10-win32-x86_64\bin\zip.dll
Event: 0.632 Loaded shared library C:\Users\soumi\.vscode\extensions\redhat.java-1.53.0-win32-x64\jre\21.0.10-win32-x86_64\bin\instrument.dll
Event: 0.703 Loaded shared library C:\Users\soumi\.vscode\extensions\redhat.java-1.53.0-win32-x64\jre\21.0.10-win32-x86_64\bin\net.dll
Event: 0.709 Loaded shared library C:\Users\soumi\.vscode\extensions\redhat.java-1.53.0-win32-x64\jre\21.0.10-win32-x86_64\bin\nio.dll
Event: 0.714 Loaded shared library C:\Users\soumi\.vscode\extensions\redhat.java-1.53.0-win32-x64\jre\21.0.10-win32-x86_64\bin\zip.dll
Event: 0.778 Loaded shared library C:\Users\soumi\.vscode\extensions\redhat.java-1.53.0-win32-x64\jre\21.0.10-win32-x86_64\bin\jimage.dll
Event: 1.011 Loaded shared library c:\Users\soumi\.vscode\extensions\redhat.java-1.53.0-win32-x64\jre\21.0.10-win32-x86_64\bin\verify.dll

Deoptimization events (20 events):
Event: 1.690 Thread 0x0000023493d6b980 Uncommon trap: trap_request=0xffffff45 fr.pc=0x000002349ea71fcc relative=0x00000000000001ac
Event: 1.690 Thread 0x0000023493d6b980 Uncommon trap: reason=unstable_if action=reinterpret pc=0x000002349ea71fcc method=java.lang.StringUTF16.compress([CI[BII)I @ 20 c2
Event: 1.690 Thread 0x0000023493d6b980 DEOPT PACKING pc=0x000002349ea71fcc sp=0x000000cbc21fbe10
Event: 1.690 Thread 0x0000023493d6b980 DEOPT UNPACKING pc=0x000002349e503aa2 sp=0x000000cbc21fbd80 mode 2
Event: 1.740 Thread 0x0000023493d6b980 Uncommon trap: trap_request=0xffffffde fr.pc=0x000002349ea7f38c relative=0x00000000000009ac
Event: 1.740 Thread 0x0000023493d6b980 Uncommon trap: reason=class_check action=maybe_recompile pc=0x000002349ea7f38c method=java.util.HashMap.putVal(ILjava/lang/Object;Ljava/lang/Object;ZZ)Ljava/lang/Object; @ 91 c2
Event: 1.741 Thread 0x0000023493d6b980 DEOPT PACKING pc=0x000002349ea7f38c sp=0x000000cbc21fdf10
Event: 1.741 Thread 0x0000023493d6b980 DEOPT UNPACKING pc=0x000002349e503aa2 sp=0x000000cbc21fded0 mode 2
Event: 1.741 Thread 0x0000023493d6b980 Uncommon trap: trap_request=0xffffffde fr.pc=0x000002349ea7f38c relative=0x00000000000009ac
Event: 1.741 Thread 0x0000023493d6b980 Uncommon trap: reason=class_check action=maybe_recompile pc=0x000002349ea7f38c method=java.util.HashMap.putVal(ILjava/lang/Object;Ljava/lang/Object;ZZ)Ljava/lang/Object; @ 91 c2
Event: 1.741 Thread 0x0000023493d6b980 DEOPT PACKING pc=0x000002349ea7f38c sp=0x000000cbc21fe030
Event: 1.741 Thread 0x0000023493d6b980 DEOPT UNPACKING pc=0x000002349e503aa2 sp=0x000000cbc21fdfc0 mode 2
Event: 1.892 Thread 0x0000023493d6b980 Uncommon trap: trap_request=0xffffff45 fr.pc=0x000002349ea83888 relative=0x0000000000000628
Event: 1.892 Thread 0x0000023493d6b980 Uncommon trap: reason=unstable_if action=reinterpret pc=0x000002349ea83888 method=java.lang.AbstractStringBuilder.append(Ljava/lang/String;)Ljava/lang/AbstractStringBuilder; @ 1 c2
Event: 1.892 Thread 0x0000023493d6b980 DEOPT PACKING pc=0x000002349ea83888 sp=0x000000cbc21fe0a0
Event: 1.892 Thread 0x0000023493d6b980 DEOPT UNPACKING pc=0x000002349e503aa2 sp=0x000000cbc21fe030 mode 2
Event: 1.892 Thread 0x0000023493d6b980 Uncommon trap: trap_request=0xffffff45 fr.pc=0x000002349ea84a74 relative=0x0000000000000614
Event: 1.892 Thread 0x0000023493d6b980 Uncommon trap: reason=unstable_if action=reinterpret pc=0x000002349ea84a74 method=java.lang.AbstractStringBuilder.append(Ljava/lang/String;)Ljava/lang/AbstractStringBuilder; @ 1 c2
Event: 1.892 Thread 0x0000023493d6b980 DEOPT PACKING pc=0x000002349ea84a74 sp=0x000000cbc21fe050
Event: 1.892 Thread 0x0000023493d6b980 DEOPT UNPACKING pc=0x000002349e503aa2 sp=0x000000cbc21fe038 mode 2

Classes loaded (20 events):
Event: 1.830 Loading class java/net/URL$1
Event: 1.830 Loading class java/net/URL$1 done
Event: 1.830 Loading class java/net/spi/URLStreamHandlerProvider
Event: 1.831 Loading class java/net/spi/URLStreamHandlerProvider done
Event: 1.876 Loading class java/net/URLConnection$1
Event: 1.876 Loading class java/net/FileNameMap
Event: 1.876 Loading class java/net/FileNameMap done
Event: 1.876 Loading class java/net/URLConnection$1 done
Event: 1.876 Loading class sun/net/www/MimeTable
Event: 1.877 Loading class sun/net/www/MimeTable done
Event: 1.877 Loading class sun/net/www/MimeTable$1
Event: 1.878 Loading class sun/net/www/MimeTable$1 done
Event: 1.878 Loading class sun/net/www/MimeTable$2
Event: 1.878 Loading class sun/net/www/MimeTable$2 done
Event: 1.878 Loading class sun/net/www/MimeTable$DefaultInstanceHolder
Event: 1.878 Loading class sun/net/www/MimeTable$DefaultInstanceHolder done
Event: 1.878 Loading class sun/net/www/MimeTable$DefaultInstanceHolder$1
Event: 1.878 Loading class sun/net/www/MimeTable$DefaultInstanceHolder$1 done
Event: 1.891 Loading class sun/net/www/MimeEntry
Event: 1.892 Loading class sun/net/www/MimeEntry done

Classes unloaded (0 events):
No events

Classes redefined (0 events):
No events

Internal exceptions (20 events):
Event: 0.401 Thread 0x0000023493d6b980 Exception <a 'java/lang/NoSuchMethodError'{0x00000000d57a9178}: 'void java.lang.invoke.DirectMethodHandle$Holder.invokeStatic(java.lang.Object, java.lang.Object, java.lang.Object)'> (0x00000000d57a9178) 
thrown [s\src\hotspot\share\interpreter\linkResolver.cpp, line 773]
Event: 0.753 Thread 0x0000023493d6b980 Exception <a 'java/lang/NoSuchMethodError'{0x00000000d5911b78}: 'java.lang.Object java.lang.invoke.Invokers$Holder.invokeExact_MT(java.lang.Object, java.lang.Object, java.lang.Object, java.lang.Object, java.lang.Object)'> (0x00000000d5911b78) 
thrown [s\src\hotspot\share\interpreter\linkResolver.cpp, line 773]
Event: 0.839 Thread 0x0000023493d6b980 Exception <a 'java/lang/NoSuchMethodError'{0x00000000d59ca678}: 'int java.lang.invoke.DirectMethodHandle$Holder.invokeSpecial(java.lang.Object, java.lang.Object, java.lang.Object, int)'> (0x00000000d59ca678) 
thrown [s\src\hotspot\share\interpreter\linkResolver.cpp, line 773]
Event: 0.851 Thread 0x0000023493d6b980 Exception <a 'java/lang/NoSuchMethodError'{0x00000000d59dd060}: 'java.lang.Object java.lang.invoke.DirectMethodHandle$Holder.invokeStatic(java.lang.Object, java.lang.Object, java.lang.Object, java.lang.Object, int)'> (0x00000000d59dd060) 
thrown [s\src\hotspot\share\interpreter\linkResolver.cpp, line 773]
Event: 0.856 Thread 0x0000023493d6b980 Exception <a 'java/lang/NoSuchMethodError'{0x00000000d59e84a0}: 'void java.lang.invoke.DelegatingMethodHandle$Holder.reinvoke_L(java.lang.Object, java.lang.Object, java.lang.Object, int, java.lang.Object)'> (0x00000000d59e84a0) 
thrown [s\src\hotspot\share\interpreter\linkResolver.cpp, line 773]
Event: 0.863 Thread 0x0000023493d6b980 Exception <a 'java/lang/NoSuchMethodError'{0x00000000d59f8f98}: 'int java.lang.invoke.DirectMethodHandle$Holder.invokeSpecial(java.lang.Object, java.lang.Object, java.lang.Object)'> (0x00000000d59f8f98) 
thrown [s\src\hotspot\share\interpreter\linkResolver.cpp, line 773]
Event: 0.867 Thread 0x0000023493d6b980 Exception <a 'java/lang/NoSuchMethodError'{0x00000000d5a04c58}: 'java.lang.Object java.lang.invoke.DirectMethodHandle$Holder.invokeStatic(java.lang.Object, java.lang.Object, int)'> (0x00000000d5a04c58) 
thrown [s\src\hotspot\share\interpreter\linkResolver.cpp, line 773]
Event: 0.868 Thread 0x0000023493d6b980 Exception <a 'java/lang/NoSuchMethodError'{0x00000000d5a095a8}: 'void java.lang.invoke.DirectMethodHandle$Holder.invokeStatic(java.lang.Object, java.lang.Object, int, java.lang.Object)'> (0x00000000d5a095a8) 
thrown [s\src\hotspot\share\interpreter\linkResolver.cpp, line 773]
Event: 0.869 Thread 0x0000023493d6b980 Exception <a 'java/lang/NoSuchMethodError'{0x00000000d5a0d138}: 'void java.lang.invoke.DirectMethodHandle$Holder.invokeSpecial(java.lang.Object, java.lang.Object, java.lang.Object, int, java.lang.Object)'> (0x00000000d5a0d138) 
thrown [s\src\hotspot\share\interpreter\linkResolver.cpp, line 773]
Event: 0.870 Thread 0x0000023493d6b980 Exception <a 'java/lang/NoSuchMethodError'{0x00000000d5a105a8}: 'void java.lang.invoke.DelegatingMethodHandle$Holder.delegate(java.lang.Object, java.lang.Object, int, java.lang.Object)'> (0x00000000d5a105a8) 
thrown [s\src\hotspot\share\interpreter\linkResolver.cpp, line 773]
Event: 1.159 Thread 0x0000023493d6b980 Exception <a 'java/lang/NoSuchMethodError'{0x00000000d5bcf628}: 'void java.lang.invoke.DelegatingMethodHandle$Holder.reinvoke_L(java.lang.Object, java.lang.Object, java.lang.Object, int)'> (0x00000000d5bcf628) 
thrown [s\src\hotspot\share\interpreter\linkResolver.cpp, line 773]
Event: 1.510 Thread 0x0000023493d6b980 Exception <a 'java/lang/NoSuchMethodError'{0x00000000d605af90}: 'void java.lang.invoke.DirectMethodHandle$Holder.invokeVirtual(java.lang.Object, java.lang.Object)'> (0x00000000d605af90) 
thrown [s\src\hotspot\share\interpreter\linkResolver.cpp, line 773]
Event: 1.827 Thread 0x0000023493d6b980 Exception <a 'java/lang/NoSuchMethodError'{0x00000000d64407d8}: 'void java.lang.invoke.DirectMethodHandle$Holder.invokeStatic(java.lang.Object, java.lang.Object)'> (0x00000000d64407d8) 
thrown [s\src\hotspot\share\interpreter\linkResolver.cpp, line 773]
Event: 1.834 Thread 0x0000023493d6b980 Exception <a 'java/lang/ClassNotFoundException'{0x00000000d64688d0}: sun/net/www/protocol/c/Handler> (0x00000000d64688d0) 
thrown [s\src\hotspot\share\classfile\systemDictionary.cpp, line 312]
Event: 1.874 Thread 0x0000023493d6b980 Exception <a 'java/io/FileNotFoundException'{0x00000000d64cfac0}> (0x00000000d64cfac0) 
thrown [s\src\hotspot\share\prims\jni.cpp, line 520]
Event: 1.875 Thread 0x0000023493d6b980 Exception <a 'java/io/FileNotFoundException'{0x00000000d64d0de8}> (0x00000000d64d0de8) 
thrown [s\src\hotspot\share\prims\jni.cpp, line 520]
Event: 1.875 Thread 0x0000023493d6b980 Exception <a 'java/io/FileNotFoundException'{0x00000000d64d1a60}> (0x00000000d64d1a60) 
thrown [s\src\hotspot\share\prims\jni.cpp, line 520]
Event: 1.875 Thread 0x0000023493d6b980 Exception <a 'java/io/FileNotFoundException'{0x00000000d64d25a0}> (0x00000000d64d25a0) 
thrown [s\src\hotspot\share\prims\jni.cpp, line 520]
Event: 1.892 Thread 0x0000023493d6b980 Implicit null exception at 0x000002349ea832a4 to 0x000002349ea83870
Event: 1.892 Thread 0x0000023493d6b980 Implicit null exception at 0x000002349ea844a0 to 0x000002349ea84a5c

ZGC Phase Switch (0 events):
No events

VM Operations (8 events):
Event: 0.426 Executing non-safepoint VM operation: HandshakeAllThreads (Deoptimize)
Event: 0.427 Executing non-safepoint VM operation: HandshakeAllThreads (Deoptimize) done
Event: 0.800 Executing non-safepoint VM operation: HandshakeAllThreads (Deoptimize)
Event: 0.801 Executing non-safepoint VM operation: HandshakeAllThreads (Deoptimize) done
Event: 1.805 Executing safepoint VM operation: Cleanup
Event: 1.806 Executing safepoint VM operation: Cleanup done
Event: 1.818 Executing non-safepoint VM operation: HandshakeAllThreads (Deoptimize)
Event: 1.818 Executing non-safepoint VM operation: HandshakeAllThreads (Deoptimize) done

Memory protections (0 events):
No events

Nmethod flushes (0 events):
No events

Events (11 events):
Event: 0.175 Thread 0x0000023493d6b980 Thread added: 0x0000023493d6b980
Event: 0.293 Thread 0x0000023493d6b980 Thread added: 0x00000234aa7da380
Event: 0.294 Thread 0x0000023493d6b980 Thread added: 0x00000234aa7dbbf0
Event: 0.294 Thread 0x0000023493d6b980 Thread added: 0x00000234aa7df790
Event: 0.294 Thread 0x0000023493d6b980 Thread added: 0x00000234aa7e06b0
Event: 0.295 Thread 0x0000023493d6b980 Thread added: 0x00000234aa7e2320
Event: 0.295 Thread 0x0000023493d6b980 Thread added: 0x00000234aa7ecff0
Event: 0.295 Thread 0x0000023493d6b980 Thread added: 0x00000234aa810d30
Event: 0.296 Thread 0x0000023493d6b980 Thread added: 0x00000234ed118120
Event: 0.696 Thread 0x0000023493d6b980 Thread added: 0x00000234ed2d2a40
Event: 1.358 Thread 0x0000023493d6b980 Thread added: 0x00000234ed35a770


Dynamic libraries:
0x00007ff7bc850000 - 0x00007ff7bc85e000 	c:\Users\soumi\.vscode\extensions\redhat.java-1.53.0-win32-x64\jre\21.0.10-win32-x86_64\bin\java.exe
0x00007ffb5e290000 - 0x00007ffb5e488000 	C:\WINDOWS\SYSTEM32\ntdll.dll
0x00007ffb5c3e0000 - 0x00007ffb5c4a2000 	C:\WINDOWS\System32\KERNEL32.DLL
0x00007ffb5bdb0000 - 0x00007ffb5c0a6000 	C:\WINDOWS\System32\KERNELBASE.dll
0x00007ffb5bba0000 - 0x00007ffb5bca0000 	C:\WINDOWS\System32\ucrtbase.dll
0x00007ffb20b60000 - 0x00007ffb20b78000 	c:\Users\soumi\.vscode\extensions\redhat.java-1.53.0-win32-x64\jre\21.0.10-win32-x86_64\bin\jli.dll
0x00007ffb5c9f0000 - 0x00007ffb5cb8d000 	C:\WINDOWS\System32\USER32.dll
0x00007ffb5bb70000 - 0x00007ffb5bb92000 	C:\WINDOWS\System32\win32u.dll
0x00007ffb5e160000 - 0x00007ffb5e18b000 	C:\WINDOWS\System32\GDI32.dll
0x00007ffb20d30000 - 0x00007ffb20d4e000 	c:\Users\soumi\.vscode\extensions\redhat.java-1.53.0-win32-x64\jre\21.0.10-win32-x86_64\bin\VCRUNTIME140.dll
0x00007ffb5c190000 - 0x00007ffb5c2a9000 	C:\WINDOWS\System32\gdi32full.dll
0x00007ffb5b920000 - 0x00007ffb5b9bd000 	C:\WINDOWS\System32\msvcp_win.dll
0x00007ffb45820000 - 0x00007ffb45aba000 	C:\WINDOWS\WinSxS\amd64_microsoft.windows.common-controls_6595b64144ccf1df_6.0.19041.5915_none_60b4b9d171f9c7c7\COMCTL32.dll
0x00007ffb5e190000 - 0x00007ffb5e22e000 	C:\WINDOWS\System32\msvcrt.dll
0x00007ffb5e130000 - 0x00007ffb5e15f000 	C:\WINDOWS\System32\IMM32.DLL
0x00007ffb4bfd0000 - 0x00007ffb4bfdc000 	c:\Users\soumi\.vscode\extensions\redhat.java-1.53.0-win32-x64\jre\21.0.10-win32-x86_64\bin\vcruntime140_1.dll
0x00007ffaca020000 - 0x00007ffaca0ad000 	c:\Users\soumi\.vscode\extensions\redhat.java-1.53.0-win32-x64\jre\21.0.10-win32-x86_64\bin\msvcp140.dll
0x00007ffac0080000 - 0x00007ffac0e21000 	c:\Users\soumi\.vscode\extensions\redhat.java-1.53.0-win32-x64\jre\21.0.10-win32-x86_64\bin\server\jvm.dll
0x00007ffb5ce50000 - 0x00007ffb5cf01000 	C:\WINDOWS\System32\ADVAPI32.dll
0x00007ffb5c2b0000 - 0x00007ffb5c34f000 	C:\WINDOWS\System32\sechost.dll
0x00007ffb5cd20000 - 0x00007ffb5ce43000 	C:\WINDOWS\System32\RPCRT4.dll
0x00007ffb5c0b0000 - 0x00007ffb5c0d7000 	C:\WINDOWS\System32\bcrypt.dll
0x00007ffb5c980000 - 0x00007ffb5c9eb000 	C:\WINDOWS\System32\WS2_32.dll
0x00007ffb5ae20000 - 0x00007ffb5ae6b000 	C:\WINDOWS\SYSTEM32\POWRPROF.dll
0x00007ffb440d0000 - 0x00007ffb440f7000 	C:\WINDOWS\SYSTEM32\WINMM.dll
0x00007ffb59760000 - 0x00007ffb5976a000 	C:\WINDOWS\SYSTEM32\VERSION.dll
0x00007ffb5ace0000 - 0x00007ffb5acf2000 	C:\WINDOWS\SYSTEM32\UMPDC.dll
0x00007ffb5a130000 - 0x00007ffb5a142000 	C:\WINDOWS\SYSTEM32\kernel.appcore.dll
0x00007ffb4bb00000 - 0x00007ffb4bb0a000 	c:\Users\soumi\.vscode\extensions\redhat.java-1.53.0-win32-x64\jre\21.0.10-win32-x86_64\bin\jimage.dll
0x00007ffb4e060000 - 0x00007ffb4e261000 	C:\WINDOWS\SYSTEM32\DBGHELP.DLL
0x00007ffb41000000 - 0x00007ffb41034000 	C:\WINDOWS\SYSTEM32\dbgcore.DLL
0x00007ffb5bca0000 - 0x00007ffb5bd22000 	C:\WINDOWS\System32\bcryptPrimitives.dll
0x00007ffb53b80000 - 0x00007ffb53b8f000 	c:\Users\soumi\.vscode\extensions\redhat.java-1.53.0-win32-x64\jre\21.0.10-win32-x86_64\bin\instrument.dll
0x00007ffb20b40000 - 0x00007ffb20b60000 	c:\Users\soumi\.vscode\extensions\redhat.java-1.53.0-win32-x64\jre\21.0.10-win32-x86_64\bin\java.dll
0x00007ffb5d040000 - 0x00007ffb5d7ae000 	C:\WINDOWS\System32\SHELL32.dll
0x00007ffb59880000 - 0x00007ffb5a024000 	C:\WINDOWS\SYSTEM32\windows.storage.dll
0x00007ffb5c590000 - 0x00007ffb5c8e3000 	C:\WINDOWS\System32\combase.dll
0x00007ffb5b270000 - 0x00007ffb5b29b000 	C:\WINDOWS\SYSTEM32\Wldp.dll
0x00007ffb5cf70000 - 0x00007ffb5d03d000 	C:\WINDOWS\System32\OLEAUT32.dll
0x00007ffb5de60000 - 0x00007ffb5df0d000 	C:\WINDOWS\System32\SHCORE.dll
0x00007ffb5df10000 - 0x00007ffb5df6b000 	C:\WINDOWS\System32\shlwapi.dll
0x00007ffb5b850000 - 0x00007ffb5b874000 	C:\WINDOWS\SYSTEM32\profapi.dll
0x00007ffb53d20000 - 0x00007ffb53d38000 	c:\Users\soumi\.vscode\extensions\redhat.java-1.53.0-win32-x64\jre\21.0.10-win32-x86_64\bin\zip.dll
0x00007ffb53d10000 - 0x00007ffb53d20000 	C:\Users\soumi\.vscode\extensions\redhat.java-1.53.0-win32-x64\jre\21.0.10-win32-x86_64\bin\net.dll
0x00007ffb59770000 - 0x00007ffb5987a000 	C:\WINDOWS\SYSTEM32\WINHTTP.dll
0x00007ffb5b050000 - 0x00007ffb5b0ba000 	C:\WINDOWS\system32\mswsock.dll
0x00007ffb53cf0000 - 0x00007ffb53d06000 	C:\Users\soumi\.vscode\extensions\redhat.java-1.53.0-win32-x64\jre\21.0.10-win32-x86_64\bin\nio.dll
0x00007ffb53b70000 - 0x00007ffb53b80000 	c:\Users\soumi\.vscode\extensions\redhat.java-1.53.0-win32-x64\jre\21.0.10-win32-x86_64\bin\verify.dll

JVMTI agents:
c:\Users\soumi\.vscode\extensions\redhat.java-1.53.0-win32-x64\lombok\lombok-1.18.39-4050.jar path:c:\Users\soumi\.vscode\extensions\redhat.java-1.53.0-win32-x64\jre\21.0.10-win32-x86_64\bin\instrument.dll, loaded, initialized, instrumentlib options:none

dbghelp: loaded successfully - version: 4.0.5 - missing functions: none
symbol engine: initialized successfully - sym options: 0x614 - pdb path: .;c:\Users\soumi\.vscode\extensions\redhat.java-1.53.0-win32-x64\jre\21.0.10-win32-x86_64\bin;C:\WINDOWS\SYSTEM32;C:\WINDOWS\WinSxS\amd64_microsoft.windows.common-controls_6595b64144ccf1df_6.0.19041.5915_none_60b4b9d171f9c7c7;c:\Users\soumi\.vscode\extensions\redhat.java-1.53.0-win32-x64\jre\21.0.10-win32-x86_64\bin\server

VM Arguments:
jvm_args: --add-modules=ALL-SYSTEM --add-opens=java.base/java.util=ALL-UNNAMED --add-opens=java.base/java.lang=ALL-UNNAMED --add-opens=java.base/sun.nio.fs=ALL-UNNAMED -Declipse.application=org.eclipse.jdt.ls.core.id1 -Dosgi.bundles.defaultStartLevel=4 -Declipse.product=org.eclipse.jdt.ls.core.product -Djava.import.generatesMetadataFilesAtProjectRoot=false -DDetectVMInstallationsJob.disabled=true -Dfile.encoding=utf8 -XX:+UseParallelGC -XX:GCTimeRatio=4 -XX:AdaptiveSizePolicyWeight=90 -Dsun.zip.disableMemoryMapping=true -Xmx2G -Xms100m -Xlog:disable -javaagent:c:\Users\soumi\.vscode\extensions\redhat.java-1.53.0-win32-x64\lombok\lombok-1.18.39-4050.jar -XX:+HeapDumpOnOutOfMemoryError -XX:HeapDumpPath=c:\Users\soumi\AppData\Roaming\Code\User\workspaceStorage\f9c27e7cc8aa566c6a3bf85cddbf63b9\redhat.java -Daether.dependencyCollector.impl=bf 
java_command: c:\Users\soumi\.vscode\extensions\redhat.java-1.53.0-win32-x64\server\plugins\org.eclipse.equinox.launcher_1.7.100.v20251111-0406.jar -configuration c:\Users\soumi\AppData\Roaming\Code\User\globalStorage\redhat.java\1.53.0\config_win -data c:\Users\soumi\AppData\Roaming\Code\User\workspaceStorage\f9c27e7cc8aa566c6a3bf85cddbf63b9\redhat.java\jdt_ws --pipe=\\.\pipe\lsp-2963f37a319d0a80ab85a8a1fdd1fa22-sock
java_class_path (initial): c:\Users\soumi\.vscode\extensions\redhat.java-1.53.0-win32-x64\server\plugins\org.eclipse.equinox.launcher_1.7.100.v20251111-0406.jar
Launcher Type: SUN_STANDARD

[Global flags]
    uintx AdaptiveSizePolicyWeight                 = 90                                        {product} {command line}
     intx CICompilerCount                          = 4                                         {product} {ergonomic}
    uintx GCTimeRatio                              = 4                                         {product} {command line}
     bool HeapDumpOnOutOfMemoryError               = true                                   {manageable} {command line}
    ccstr HeapDumpPath                             = c:\Users\soumi\AppData\Roaming\Code\User\workspaceStorage\f9c27e7cc8aa566c6a3bf85cddbf63b9\redhat.java         {manageable} {command line}
   size_t InitialHeapSize                          = 104857600                                 {product} {command line}
   size_t MaxHeapSize                              = 2147483648                                {product} {command line}
   size_t MaxNewSize                               = 715653120                                 {product} {ergonomic}
   size_t MinHeapDeltaBytes                        = 524288                                    {product} {ergonomic}
   size_t MinHeapSize                              = 104857600                                 {product} {command line}
   size_t NewSize                                  = 34603008                                  {product} {ergonomic}
    uintx NonNMethodCodeHeapSize                   = 5839372                                {pd product} {ergonomic}
    uintx NonProfiledCodeHeapSize                  = 122909434                              {pd product} {ergonomic}
   size_t OldSize                                  = 70254592                                  {product} {ergonomic}
    uintx ProfiledCodeHeapSize                     = 122909434                              {pd product} {ergonomic}
    uintx ReservedCodeCacheSize                    = 251658240                              {pd product} {ergonomic}
     bool SegmentedCodeCache                       = true                                      {product} {ergonomic}
   size_t SoftMaxHeapSize                          = 2147483648                             {manageable} {ergonomic}
     bool UseCompressedOops                        = true                           {product lp64_product} {ergonomic}
     bool UseLargePagesIndividualAllocation        = false                                  {pd product} {ergonomic}
     bool UseParallelGC                            = true                                      {product} {command line}

Logging:
Log output configuration:
 #0: stdout all=off uptime,level,tags foldmultilines=false
 #1: stderr all=off uptime,level,tags foldmultilines=false

Release file:
JAVA_VERSION="21.0.10" 
MODULES="java.base java.compiler java.datatransfer java.xml java.prefs java.desktop java.instrument java.logging java.management java.security.sasl java.naming java.rmi java.management.rmi java.net.http java.scripting java.security.jgss java.transaction.xa java.sql java.sql.rowset java.xml.crypto java.se java.smartcardio jdk.accessibility jdk.internal.jvmstat jdk.attach jdk.charsets jdk.internal.opt jdk.zipfs jdk.compiler jdk.crypto.ec jdk.crypto.cryptoki jdk.crypto.mscapi jdk.dynalink jdk.internal.ed jdk.editpad jdk.hotspot.agent jdk.httpserver jdk.internal.le jdk.internal.vm.ci jdk.internal.vm.compiler jdk.internal.vm.compiler.management jdk.jartool jdk.javadoc jdk.jcmd jdk.management jdk.management.agent jdk.jconsole jdk.jdeps jdk.jdwp.agent jdk.jdi jdk.jfr jdk.jshell jdk.jsobject jdk.jstatd jdk.localedata jdk.management.jfr jdk.naming.dns jdk.naming.rmi jdk.net jdk.nio.mapmode jdk.random jdk.sctp jdk.security.auth jdk.security.jgss jdk.unsupported jdk.unsupported.desktop jdk.xml.dom" 

Environment Variables:
JAVA_HOME=C:\Program Files\Java\jdk-25
PATH=C:\Python314\Scripts\;C:\Python314\;C:\oraclexe\app\oracle\product\11.2.0\server\bin;C:\WINDOWS\system32;C:\WINDOWS;C:\WINDOWS\System32\Wbem;C:\WINDOWS\System32\WindowsPowerShell\v1.0\;C:\WINDOWS\System32\OpenSSH\;C:\Program Files\Git\cmd;C:\Program Files\nodejs\;C:\ProgramData\chocolatey\bin;C:\Program Files\PowerShell\7\;C:\Program Files\PowerShell\7-preview\preview;C:\Program Files\Docker\Docker\resources\bin;C:\Program Files\Java\jdk-25\bin;C:\Users\soumi\AppData\Local\Microsoft\WindowsApps;C:\Users\soumi\AppData\Local\Programs\Microsoft VS Code\bin;C:\apache-maven-3.9.11-bin\apache-maven-3.9.11\bin;C:\Users\soumi\AppData\Roaming\npm
USERNAME=soumi
OS=Windows_NT
PROCESSOR_IDENTIFIER=Intel64 Family 6 Model 142 Stepping 10, GenuineIntel
TMP=C:\Users\soumi\AppData\Local\Temp
TEMP=C:\Users\soumi\AppData\Local\Temp




Periodic native trim disabled

---------------  S Y S T E M  ---------------

OS:
 Windows 10 , 64 bit Build 19041 (10.0.19041.5915)
OS uptime: 1 days 14:36 hours
Hyper-V role detected

CPU: total 8 (initial active 8) (4 cores per cpu, 2 threads per core) family 6 model 142 stepping 10 microcode 0xf4, cx8, cmov, fxsr, ht, mmx, 3dnowpref, sse, sse2, sse3, ssse3, sse4.1, sse4.2, popcnt, lzcnt, tsc, tscinvbit, avx, avx2, aes, erms, clmul, bmi1, bmi2, adx, fma, vzeroupper, clflush, clflushopt, hv, rdtscp, f16c
Processor Information for the first 8 processors :
  Max Mhz: 1800, Current Mhz: 1600, Mhz Limit: 1584

Memory: 4k page, system-wide physical 8050M (343M free)
TotalPageFile size 21805M (AvailPageFile size 29M)
current process WorkingSet (physical memory assigned to process): 61M, peak: 61M
current process commit charge ("private bytes"): 230M, peak: 230M

vm_info: OpenJDK 64-Bit Server VM (21.0.10+7-LTS) for windows-amd64 JRE (21.0.10+7-LTS), built on 2026-01-20T00:00:00Z by "admin" with MS VC++ 17.12 (VS2022)

END.
